// Jest Snapshot v1, https://goo.gl/fbAQLP

exports[`ManageIdentitiesComponent should work 1`] = `
<div
  className="ui grid w-100"
>
  <div
    className="centered row p-none pb-19"
  >
    <h1
      className="ui header heading"
    >
      Manage Identities
    </h1>
  </div>
  <div
    className="row p-none"
  >
    <div
      className="ui list w-100"
      role="list"
      style={
        {
          "height": "270px",
          "overflowY": "scroll",
        }
      }
    />
  </div>
</div>
`;
